// Jest Snapshot v1, https://goo.gl/fbAQLP

exports[`<Main /> should render the heading 1`] = `
<main
  class="styles__Wrapper-sc-17qt5kd-0 dTtUWg"
>
  <img
    alt="Imagem de um átomo e React Avançado escrito ao lado"
    class="styles__Logo-sc-17qt5kd-1 ifXBOL"
    src="/img/logo.svg"
  />
  <h1
    class="styles__Title-sc-17qt5kd-2 bPAzkd"
  >
    React Avançado
  </h1>
  <h2
    class="styles__Description-sc-17qt5kd-3 ebYwLi"
  >
    Typescript, ReactJS, Next.js e Styled Components
  </h2>
  <img
    alt="Um desenvolvedor de frente para uma tela com código"
    class="styles__Illustration-sc-17qt5kd-4 fKGExX"
    src="/img/hero-illustration.svg"
  />
</main>
`
